> Task :app:buildKotlinToolingMetadata UP-TO-DATE
> Task :app:checkKotlinGradlePluginConfigurationErrors
> Task :app:preBuild UP-TO-DATE
> Task :app:preReleaseBuild UP-TO-DATE
> Task :app:dataBindingMergeDependencyArtifactsRelease UP-TO-DATE
> Task :app:generateReleaseResValues UP-TO-DATE
> Task :app:generateReleaseResources UP-TO-DATE
> Task :app:mergeReleaseResources UP-TO-DATE
> Task :app:packageReleaseResources UP-TO-DATE
> Task :app:parseReleaseLocalResources UP-TO-DATE
> Task :app:dataBindingGenBaseClassesRelease UP-TO-DATE
> Task :app:generateSafeArgsRelease UP-TO-DATE
> Task :app:checkReleaseAarMetadata UP-TO-DATE
> Task :app:mapReleaseSourceSetPaths UP-TO-DATE
> Task :app:createReleaseCompatibleScreenManifests UP-TO-DATE
> Task :app:extractDeepLinksRelease UP-TO-DATE
> Task :app:processReleaseMainManifest UP-TO-DATE
> Task :app:processReleaseManifest UP-TO-DATE
> Task :app:processReleaseManifestForPackage UP-TO-DATE
> Task :app:processReleaseResources UP-TO-DATE
> Task :app:kaptGenerateStubsReleaseKotlin UP-TO-DATE
> Task :app:kaptReleaseKotlin UP-TO-DATE
> Task :app:compileReleaseKotlin UP-TO-DATE
> Task :app:javaPreCompileRelease UP-TO-DATE
> Task :app:compileReleaseJavaWithJavac UP-TO-DATE
> Task :app:extractProguardFiles UP-TO-DATE
> Task :app:generateReleaseLintVitalReportModel UP-TO-DATE
> Task :app:lintVitalAnalyzeRelease UP-TO-DATE
> Task :app:lintVitalReportRelease UP-TO-DATE

> Task :app:lintVitalRelease FAILED
C:\Users\Asmitkumarsharma\Desktop\A1 gym man\app\src\main\res\layout\fragment_member_list.xml:19: Error: @id/btnFilter is not a sibling in the same ConstraintLayout [NotSibling]
        app:layout_constraintEnd_toStartOf="@id/btnFilter"
        ~~~~~~~~~~~~~~~~~~~~~~~~~~~~~~~~~~~~~~~~~~~~~~~~~~

   Explanation for issues of type "NotSibling":
   Layout constraints in a given ConstraintLayout or RelativeLayout should
   reference other views within the same relative layout (but not itself!)

1 errors, 0 warnings


FAILURE: Build failed with an exception.

* What went wrong:
Execution failed for task ':app:lintVitalRelease'.
> Lint found fatal errors while assembling a release target.
  
  Fix the issues identified by lint, or create a baseline to see only new errors.
  To create a baseline, run `gradlew updateLintBaseline` after adding the following to the module's build.gradle file:
  ```
  android {
      lint {
          baseline = file("lint-baseline.xml")
      }
  }
  ```
  For more details, see https://developer.android.com/studio/write/lint#snapshot
  
  C:\Users\Asmitkumarsharma\Desktop\A1 gym man\app\src\main\res\layout\fragment_member_list.xml:19: Error: @id/btnFilter is not a sibling in the same ConstraintLayout [NotSibling]
          app:layout_constraintEnd_toStartOf="@id/btnFilter"
          ~~~~~~~~~~~~~~~~~~~~~~~~~~~~~~~~~~~~~~~~~~~~~~~~~~
  
     Explanation for issues of type "NotSibling":
     Layout constraints in a given ConstraintLayout or RelativeLayout should
     reference other views within the same relative layout (but not itself!)
  
  1 errors, 0 warnings

* Try:
> Run with --stacktrace option to get the stack trace.
> Run with --info or --debug option to get more log output.
> Run with --scan to get full insights.
> Get more help at https://help.gradle.org.

BUILD FAILED in 11s
27 actionable tasks: 2 executed, 25 up-to-date
